[INFO] Scanning for projects...
[INFO] 
[INFO] ------------------< com.smartcity:smartcity-dechets >-------------------
[INFO] Building smartcity-dechets 1.0.0
[INFO] --------------------------------[ jar ]---------------------------------
[INFO] 
[INFO] --- maven-resources-plugin:2.6:resources (default-resources) @ smartcity-dechets ---
[INFO] Using 'UTF-8' encoding to copy filtered resources.
[INFO] Copying 18 resources
[INFO] 
[INFO] --- maven-compiler-plugin:3.11.0:compile (default-compile) @ smartcity-dechets ---
[INFO] Changes detected - recompiling the module! :source
[INFO] Compiling 26 source files with javac [debug target 11] to target\classes
[INFO] -------------------------------------------------------------
[WARNING] COMPILATION WARNING : 
[INFO] -------------------------------------------------------------
[WARNING] system modules path not set in conjunction with -source 11
[INFO] 1 warning
[INFO] -------------------------------------------------------------
[INFO] -------------------------------------------------------------
[ERROR] COMPILATION ERROR : 
[INFO] -------------------------------------------------------------
[ERROR] /c:/Users/MS/Desktop/SC/SmartCity/src/main/java/com/smartcity/controller/AdminDashboardController.java:[1,1] illegal character: '\ufeff'
[ERROR] /c:/Users/MS/Desktop/SC/SmartCity/src/main/java/com/smartcity/controller/AdminDashboardController.java:[1,10] class, interface, or enum expected
[INFO] 2 errors 
[INFO] -------------------------------------------------------------
[INFO] ------------------------------------------------------------------------
[INFO] BUILD FAILURE
[INFO] ------------------------------------------------------------------------
[INFO] Total time:  8.807 s
[INFO] Finished at: 2026-04-06T21:27:59Z
[INFO] ------------------------------------------------------------------------
[ERROR] Failed to execute goal org.apache.maven.plugins:maven-compiler-plugin:3.11.0:compile (default-compile) on project smartcity-dechets: Compilation failure: Compilation failure: 
[ERROR] /c:/Users/MS/Desktop/SC/SmartCity/src/main/java/com/smartcity/controller/AdminDashboardController.java:[1,1] illegal character: '\ufeff'
[ERROR] /c:/Users/MS/Desktop/SC/SmartCity/src/main/java/com/smartcity/controller/AdminDashboardController.java:[1,10] class, interface, or enum expected
[ERROR] -> [Help 1]
[ERROR] 
[ERROR] To see the full stack trace of the errors, re-run Maven with the -e switch.
[ERROR] Re-run Maven using the -X switch to enable full debug logging.
[ERROR] 
[ERROR] For more information about the errors and possible solutions, please read the following articles:
[ERROR] [Help 1] http://cwiki.apache.org/confluence/display/MAVEN/MojoFailureException
